#-----------------------------------------------------------
# Vivado v2020.1 (64-bit)
# SW Build 2902540 on Wed May 27 19:54:49 MDT 2020
# IP Build 2902112 on Wed May 27 22:43:36 MDT 2020
# Start of session at: Sat Mar 26 15:33:01 2022
# Process ID: 14704
# Current directory: C:/Users/conno/Documents/Duke/Y3.2/CS350/projects/ECE350-Final-Project/Controller/Test Files/ControllerInterfaceTest/ControllerInterfaceTest.runs/synth_1
# Command line: vivado.exe -log ControllerController_tb_h.vds -product Vivado -mode batch -messageDb vivado.pb -notrace -source ControllerController_tb_h.tcl
# Log file: C:/Users/conno/Documents/Duke/Y3.2/CS350/projects/ECE350-Final-Project/Controller/Test Files/ControllerInterfaceTest/ControllerInterfaceTest.runs/synth_1/ControllerController_tb_h.vds
# Journal file: C:/Users/conno/Documents/Duke/Y3.2/CS350/projects/ECE350-Final-Project/Controller/Test Files/ControllerInterfaceTest/ControllerInterfaceTest.runs/synth_1\vivado.jou
#-----------------------------------------------------------
source ControllerController_tb_h.tcl -notrace
