#-----------------------------------------------------------
# Vivado v2020.1 (64-bit)
# SW Build 2902540 on Wed May 27 19:54:49 MDT 2020
# IP Build 2902112 on Wed May 27 22:43:36 MDT 2020
# Start of session at: Mon Apr  4 21:52:48 2022
# Process ID: 22856
# Current directory: C:/Users/conno/Documents/Duke/Y3.2/CS350/projects/ECE350-Final-Project/Graphics/Test Files/HomescreenGraphicsTest/HomescreenGraphicsTest.runs/synth_1
# Command line: vivado.exe -log VGAHomescreenTest.vds -product Vivado -mode batch -messageDb vivado.pb -notrace -source VGAHomescreenTest.tcl
# Log file: C:/Users/conno/Documents/Duke/Y3.2/CS350/projects/ECE350-Final-Project/Graphics/Test Files/HomescreenGraphicsTest/HomescreenGraphicsTest.runs/synth_1/VGAHomescreenTest.vds
# Journal file: C:/Users/conno/Documents/Duke/Y3.2/CS350/projects/ECE350-Final-Project/Graphics/Test Files/HomescreenGraphicsTest/HomescreenGraphicsTest.runs/synth_1\vivado.jou
#-----------------------------------------------------------
source VGAHomescreenTest.tcl -notrace
